FEATURE_CHECKS_PASS 959997 101405
test_buy_day_close_stop_next_session (research.minervini_ashare_clean_ascent.test_semantics.AccountTests.test_buy_day_close_stop_next_session) ... ok
test_delayed_exit_and_entry (research.minervini_ashare_clean_ascent.test_semantics.AccountTests.test_delayed_exit_and_entry) ... ok
test_end_remains_open (research.minervini_ashare_clean_ascent.test_semantics.AccountTests.test_end_remains_open) ... ok
test_legal_submission_band_and_boundary (research.minervini_ashare_clean_ascent.test_semantics.AccountTests.test_legal_submission_band_and_boundary) ... ok
test_limits_no_fill (research.minervini_ashare_clean_ascent.test_semantics.AccountTests.test_limits_no_fill) ... ok
test_no_same_auction_recycling (research.minervini_ashare_clean_ascent.test_semantics.AccountTests.test_no_same_auction_recycling) ... ok
test_real_cash_low_open_timing (research.minervini_ashare_clean_ascent.test_semantics.AccountTests.test_real_cash_low_open_timing) ... ok
test_buy_day_close_stop_next_session (research.minervini_ashare_clean_ascent.test_semantics.CorporateActionTests.test_buy_day_close_stop_next_session) ... ok
test_delayed_exit_and_entry (research.minervini_ashare_clean_ascent.test_semantics.CorporateActionTests.test_delayed_exit_and_entry) ... ok
test_end_remains_open (research.minervini_ashare_clean_ascent.test_semantics.CorporateActionTests.test_end_remains_open) ... ok
test_legal_submission_band_and_boundary (research.minervini_ashare_clean_ascent.test_semantics.CorporateActionTests.test_legal_submission_band_and_boundary) ... ok
test_limits_no_fill (research.minervini_ashare_clean_ascent.test_semantics.CorporateActionTests.test_limits_no_fill) ... ok
test_no_same_auction_recycling (research.minervini_ashare_clean_ascent.test_semantics.CorporateActionTests.test_no_same_auction_recycling) ... ok
test_real_cash_low_open_timing (research.minervini_ashare_clean_ascent.test_semantics.CorporateActionTests.test_real_cash_low_open_timing) ... ok
test_record_ex_credit_separate (research.minervini_ashare_clean_ascent.test_semantics.CorporateActionTests.test_record_ex_credit_separate) ... ok
test_asof_future (research.minervini_ashare_clean_ascent.test_semantics.Semantics.test_asof_future) ... ok
test_budget_and_units (research.minervini_ashare_clean_ascent.test_semantics.Semantics.test_budget_and_units) ... ok
test_double_extreme_skipped (research.minervini_ashare_clean_ascent.test_semantics.Semantics.test_double_extreme_skipped) ... ok
test_flat_is_not_vcp (research.minervini_ashare_clean_ascent.test_semantics.Semantics.test_flat_is_not_vcp) ... ok
test_matrix (research.minervini_ashare_clean_ascent.test_semantics.Semantics.test_matrix) ... ok
test_ties_earliest (research.minervini_ashare_clean_ascent.test_semantics.Semantics.test_ties_earliest) ... ok

----------------------------------------------------------------------
Ran 21 tests in 0.170s

OK
/Users/linmei/Documents/CY-worktrees/minervini-ashare-clean-ascent-20260908/research/minervini_ashare_clean_ascent/verify_features.py:27: RuntimeWarning: Mean of empty slice
  market=np.nanmean(np.where(previous&(boards[None,:]!='UNSUPPORTED'),step,np.nan),axis=1)
/Users/linmei/Documents/CY-worktrees/minervini-ashare-clean-ascent-20260908/research/minervini_ashare_clean_ascent/verify_features.py:27: RuntimeWarning: Mean of empty slice
  market=np.nanmean(np.where(previous&(boards[None,:]!='UNSUPPORTED'),step,np.nan),axis=1)
/Users/linmei/Documents/CY-worktrees/minervini-ashare-clean-ascent-20260908/research/minervini_ashare_clean_ascent/verify_features.py:27: RuntimeWarning: Mean of empty slice
  market=np.nanmean(np.where(previous&(boards[None,:]!='UNSUPPORTED'),step,np.nan),axis=1)
/Users/linmei/Documents/CY-worktrees/minervini-ashare-clean-ascent-20260908/research/minervini_ashare_clean_ascent/verify_features.py:27: RuntimeWarning: Mean of empty slice
  market=np.nanmean(np.where(previous&(boards[None,:]!='UNSUPPORTED'),step,np.nan),axis=1)
RAW_PREFIX_CHECKS_PASS [{'date': '2020-03-31', 'full_universe': 5262, 'strong_candidates': 920, 'breakout_signals': 84, 'status': 'PASS_RAW_PREFIX_AND_FULL_CROSS_SECTION'}, {'date': '2021-06-30', 'full_universe': 5262, 'strong_candidates': 988, 'breakout_signals': 126, 'status': 'PASS_RAW_PREFIX_AND_FULL_CROSS_SECTION'}, {'date': '2022-09-30', 'full_universe': 5262, 'strong_candidates': 1125, 'breakout_signals': 11, 'status': 'PASS_RAW_PREFIX_AND_FULL_CROSS_SECTION'}, {'date': '2023-12-20', 'full_universe': 5262, 'strong_candidates': 1257, 'breakout_signals': 35, 'status': 'PASS_RAW_PREFIX_AND_FULL_CROSS_SECTION'}]
SCENARIO 1 OLD_MAIN_B0_MAX_DEPLOYABLE NEWLY_EXECUTED  2.4
SCENARIO 2 OLD_MAIN_B0_CAP10 NEWLY_EXECUTED  2.8
SCENARIO 3 OLD_MAIN_P_MAX_DEPLOYABLE NEWLY_EXECUTED  2.0
SCENARIO 4 OLD_MAIN_P_CAP10 NEWLY_EXECUTED  1.7
SCENARIO 5 OLD_MAIN_C_MAX_DEPLOYABLE NEWLY_EXECUTED  1.6
SCENARIO 6 OLD_MAIN_C_CAP10 NEWLY_EXECUTED  1.6
SCENARIO 7 OLD_MAIN_PC_MAX_DEPLOYABLE NEWLY_EXECUTED  1.5
SCENARIO 8 OLD_MAIN_PC_CAP10 NEWLY_EXECUTED  1.4
SCENARIO 9 OLD_COST_B0_MAX_DEPLOYABLE NEWLY_EXECUTED  1.5
SCENARIO 10 OLD_COST_B0_CAP10 NEWLY_EXECUTED  1.4
SCENARIO 11 OLD_COST_PC_MAX_DEPLOYABLE NEWLY_EXECUTED  1.6
SCENARIO 12 OLD_COST_PC_CAP10 NEWLY_EXECUTED  1.7
SCENARIO 13 OLD_DELAY_B0_MAX_DEPLOYABLE NEWLY_EXECUTED  1.8
SCENARIO 14 OLD_DELAY_B0_CAP10 NEWLY_EXECUTED  2.0
SCENARIO 15 OLD_DELAY_PC_MAX_DEPLOYABLE BLOCKED_EXECUTION_FACT HELD_ACTION_MISSING:cninfo:distribution:980e6a803a94623ad318f1ed4ca9f466:share_credit_date 1.3
SCENARIO 16 OLD_DELAY_PC_CAP10 BLOCKED_EXECUTION_FACT HELD_ACTION_MISSING:cninfo:distribution:980e6a803a94623ad318f1ed4ca9f466:share_credit_date 1.5
SCENARIO 17 OLD_NEIGHBOR_B0_CAP10_20_3 NEWLY_EXECUTED  2.1
SCENARIO 18 OLD_NEIGHBOR_PC_CAP10_20_3 NEWLY_EXECUTED  2.5
SCENARIO 19 OLD_NEIGHBOR_B0_CAP10_40_8 NEWLY_EXECUTED  1.7
SCENARIO 20 OLD_NEIGHBOR_PC_CAP10_40_8 NEWLY_EXECUTED  1.6
SCENARIO 21 N_MAIN_N0_MAX_DEPLOYABLE NEWLY_EXECUTED  3.5
SCENARIO 22 N_MAIN_N0_CAP10 NEWLY_EXECUTED  5.4
SCENARIO 23 N_MAIN_N1_MAX_DEPLOYABLE NEWLY_EXECUTED  4.0
SCENARIO 24 N_MAIN_N1_CAP10 NEWLY_EXECUTED  5.5
SCENARIO 25 N_MAIN_N2_MAX_DEPLOYABLE NEWLY_EXECUTED  4.2
SCENARIO 26 N_MAIN_N2_CAP10 NEWLY_EXECUTED  3.7
SCENARIO 27 N_MAIN_N3_MAX_DEPLOYABLE NEWLY_EXECUTED  2.3
SCENARIO 28 N_MAIN_N3_CAP10 NEWLY_EXECUTED  1.7
SCENARIO 29 N_MAIN_N4_MAX_DEPLOYABLE NEWLY_EXECUTED  1.6
SCENARIO 30 N_MAIN_N4_CAP10 NEWLY_EXECUTED  2.0
SCENARIO 31 N_MAIN_N5_MAX_DEPLOYABLE NEWLY_EXECUTED  2.3
SCENARIO 32 N_MAIN_N5_CAP10 NEWLY_EXECUTED  2.3
SCENARIO 33 N_MAIN_N6_MAX_DEPLOYABLE NEWLY_EXECUTED  2.6
SCENARIO 34 N_MAIN_N6_CAP10 NEWLY_EXECUTED  3.0
SCENARIO 35 N_MAIN_N7_MAX_DEPLOYABLE NEWLY_EXECUTED  2.0
SCENARIO 36 N_MAIN_N7_CAP10 NEWLY_EXECUTED  2.1
SCENARIO 37 N_MAIN_N8_MAX_DEPLOYABLE NEWLY_EXECUTED  2.6
SCENARIO 38 N_MAIN_N8_CAP10 NEWLY_EXECUTED  2.6
SCENARIO 39 N_MAIN_N9_MAX_DEPLOYABLE NEWLY_EXECUTED  2.0
SCENARIO 40 N_MAIN_N9_CAP10 NEWLY_EXECUTED  1.9
SCENARIO 41 N_COST_N1_MAX_DEPLOYABLE NEWLY_EXECUTED  2.9
SCENARIO 42 N_COST_N1_CAP10 NEWLY_EXECUTED  3.5
SCENARIO 43 N_COST_N4_MAX_DEPLOYABLE NEWLY_EXECUTED  2.6
SCENARIO 44 N_COST_N4_CAP10 NEWLY_EXECUTED  2.8
SCENARIO 45 N_COST_N9_MAX_DEPLOYABLE NEWLY_EXECUTED  2.4
SCENARIO 46 N_COST_N9_CAP10 NEWLY_EXECUTED  2.0
SCENARIO 47 N_DELAY_N1_MAX_DEPLOYABLE NEWLY_EXECUTED  3.4
SCENARIO 48 N_DELAY_N1_CAP10 NEWLY_EXECUTED  3.1
SCENARIO 49 N_DELAY_N4_MAX_DEPLOYABLE NEWLY_EXECUTED  2.4
SCENARIO 50 N_DELAY_N4_CAP10 NEWLY_EXECUTED  2.4
SCENARIO 51 N_DELAY_N9_MAX_DEPLOYABLE NEWLY_EXECUTED  2.0
SCENARIO 52 N_DELAY_N9_CAP10 NEWLY_EXECUTED  1.9
SCENARIO 53 N_EXIT_N1_MAX_DEPLOYABLE NEWLY_EXECUTED  2.9
SCENARIO 54 N_EXIT_N1_CAP10 NEWLY_EXECUTED  2.9
SCENARIO 55 N_EXIT_N4_MAX_DEPLOYABLE NEWLY_EXECUTED  2.3
SCENARIO 56 N_EXIT_N4_CAP10 NEWLY_EXECUTED  2.5
SCENARIO 57 N_EXIT_N9_MAX_DEPLOYABLE NEWLY_EXECUTED  1.8
SCENARIO 58 N_EXIT_N9_CAP10 NEWLY_EXECUTED  2.0
SCENARIO 59 INDUSTRY_N4_MATCH_MAX_DEPLOYABLE NEWLY_EXECUTED  2.5
SCENARIO 60 INDUSTRY_N4_MATCH_CAP10 NEWLY_EXECUTED  2.3
SCENARIO 61 INDUSTRY_N4_PLUS_MAX_DEPLOYABLE NEWLY_EXECUTED  2.4
SCENARIO 62 INDUSTRY_N4_PLUS_CAP10 NEWLY_EXECUTED  2.6
DONE 148.82972383499146
EVENT_DIAGNOSTICS_COMPLETE [{'family': 'OLD_30_5', 'signals': 104348, 'legal_open': 56245, 'labels10': 53620, 'actions_excluded': 4421, 'incomplete10': 867}, {'family': 'N', 'signals': 101405, 'legal_open': 60200, 'labels10': 57625, 'actions_excluded': 3769, 'incomplete10': 1021}]
FINAL_AUDIT 60 complete accounts
SUPPLEMENT_COMPLETE 60 accounts
Traceback (most recent call last):
  File "<frozen runpy>", line 198, in _run_module_as_main
  File "<frozen runpy>", line 88, in _run_code
  File "/Users/linmei/Documents/CY-worktrees/minervini-ashare-clean-ascent-20260908/research/minervini_ashare_clean_ascent/verify_repeat.py", line 23, in <module>
    if __name__=='__main__':run()
                            ^^^^^
  File "/Users/linmei/Documents/CY-worktrees/minervini-ashare-clean-ascent-20260908/research/minervini_ashare_clean_ascent/verify_repeat.py", line 10, in run
    assert m.execution_binding==json.loads((HERE/'execution_input_binding.json').read_text())
           ^^^^^^^^^^^^^^^^^^^^^^^^^^^^^^^^^^^^^^^^^^^^^^^^^^^^^^^^^^^^^^^^^^^^^^^^^^^^^^^^^^
AssertionError
