ARTIFACT_IDENTITY_PASS 1642 files
test_buy_day_close_stop_next_session (research.minervini_ashare_clean_ascent.test_semantics.AccountTests.test_buy_day_close_stop_next_session) ... ok
test_delayed_exit_and_entry (research.minervini_ashare_clean_ascent.test_semantics.AccountTests.test_delayed_exit_and_entry) ... ok
test_end_remains_open (research.minervini_ashare_clean_ascent.test_semantics.AccountTests.test_end_remains_open) ... ok
test_legal_submission_band_and_boundary (research.minervini_ashare_clean_ascent.test_semantics.AccountTests.test_legal_submission_band_and_boundary) ... ok
test_limits_no_fill (research.minervini_ashare_clean_ascent.test_semantics.AccountTests.test_limits_no_fill) ... ok
test_no_same_auction_recycling (research.minervini_ashare_clean_ascent.test_semantics.AccountTests.test_no_same_auction_recycling) ... ok
test_real_cash_low_open_timing (research.minervini_ashare_clean_ascent.test_semantics.AccountTests.test_real_cash_low_open_timing) ... ok
test_buy_day_close_stop_next_session (research.minervini_ashare_clean_ascent.test_semantics.CorporateActionTests.test_buy_day_close_stop_next_session) ... ok
test_delayed_exit_and_entry (research.minervini_ashare_clean_ascent.test_semantics.CorporateActionTests.test_delayed_exit_and_entry) ... ok
test_end_remains_open (research.minervini_ashare_clean_ascent.test_semantics.CorporateActionTests.test_end_remains_open) ... ok
test_legal_submission_band_and_boundary (research.minervini_ashare_clean_ascent.test_semantics.CorporateActionTests.test_legal_submission_band_and_boundary) ... ok
test_limits_no_fill (research.minervini_ashare_clean_ascent.test_semantics.CorporateActionTests.test_limits_no_fill) ... ok
test_no_same_auction_recycling (research.minervini_ashare_clean_ascent.test_semantics.CorporateActionTests.test_no_same_auction_recycling) ... ok
test_real_cash_low_open_timing (research.minervini_ashare_clean_ascent.test_semantics.CorporateActionTests.test_real_cash_low_open_timing) ... ok
test_record_ex_credit_separate (research.minervini_ashare_clean_ascent.test_semantics.CorporateActionTests.test_record_ex_credit_separate) ... ok
test_asof_future (research.minervini_ashare_clean_ascent.test_semantics.Semantics.test_asof_future) ... ok
test_budget_and_units (research.minervini_ashare_clean_ascent.test_semantics.Semantics.test_budget_and_units) ... ok
test_double_extreme_skipped (research.minervini_ashare_clean_ascent.test_semantics.Semantics.test_double_extreme_skipped) ... ok
test_flat_is_not_vcp (research.minervini_ashare_clean_ascent.test_semantics.Semantics.test_flat_is_not_vcp) ... ok
test_matrix (research.minervini_ashare_clean_ascent.test_semantics.Semantics.test_matrix) ... ok
test_ties_earliest (research.minervini_ashare_clean_ascent.test_semantics.Semantics.test_ties_earliest) ... ok

----------------------------------------------------------------------
Ran 21 tests in 0.184s

OK
/Users/linmei/Documents/CY-worktrees/minervini-ashare-clean-ascent-20260908/research/minervini_ashare_clean_ascent/verify_features.py:27: RuntimeWarning: Mean of empty slice
  market=np.nanmean(np.where(previous&(boards[None,:]!='UNSUPPORTED'),step,np.nan),axis=1)
/Users/linmei/Documents/CY-worktrees/minervini-ashare-clean-ascent-20260908/research/minervini_ashare_clean_ascent/verify_features.py:27: RuntimeWarning: Mean of empty slice
  market=np.nanmean(np.where(previous&(boards[None,:]!='UNSUPPORTED'),step,np.nan),axis=1)
/Users/linmei/Documents/CY-worktrees/minervini-ashare-clean-ascent-20260908/research/minervini_ashare_clean_ascent/verify_features.py:27: RuntimeWarning: Mean of empty slice
  market=np.nanmean(np.where(previous&(boards[None,:]!='UNSUPPORTED'),step,np.nan),axis=1)
/Users/linmei/Documents/CY-worktrees/minervini-ashare-clean-ascent-20260908/research/minervini_ashare_clean_ascent/verify_features.py:27: RuntimeWarning: Mean of empty slice
  market=np.nanmean(np.where(previous&(boards[None,:]!='UNSUPPORTED'),step,np.nan),axis=1)
RAW_PREFIX_CHECKS_PASS [{'date': '2020-03-31', 'full_universe': 5262, 'strong_candidates': 920, 'breakout_signals': 84, 'status': 'PASS_RAW_PREFIX_AND_FULL_CROSS_SECTION'}, {'date': '2021-06-30', 'full_universe': 5262, 'strong_candidates': 988, 'breakout_signals': 126, 'status': 'PASS_RAW_PREFIX_AND_FULL_CROSS_SECTION'}, {'date': '2022-09-30', 'full_universe': 5262, 'strong_candidates': 1125, 'breakout_signals': 11, 'status': 'PASS_RAW_PREFIX_AND_FULL_CROSS_SECTION'}, {'date': '2023-12-20', 'full_universe': 5262, 'strong_candidates': 1257, 'breakout_signals': 35, 'status': 'PASS_RAW_PREFIX_AND_FULL_CROSS_SECTION'}]
VERIFIED_REPEAT 1 OLD_MAIN_B0_MAX_DEPLOYABLE
VERIFIED_REPEAT 2 OLD_MAIN_B0_CAP10
VERIFIED_REPEAT 3 OLD_MAIN_P_MAX_DEPLOYABLE
VERIFIED_REPEAT 4 OLD_MAIN_P_CAP10
VERIFIED_REPEAT 5 OLD_MAIN_C_MAX_DEPLOYABLE
VERIFIED_REPEAT 6 OLD_MAIN_C_CAP10
VERIFIED_REPEAT 7 OLD_MAIN_PC_MAX_DEPLOYABLE
VERIFIED_REPEAT 8 OLD_MAIN_PC_CAP10
VERIFIED_REPEAT 9 OLD_COST_B0_MAX_DEPLOYABLE
VERIFIED_REPEAT 10 OLD_COST_B0_CAP10
VERIFIED_REPEAT 11 OLD_COST_PC_MAX_DEPLOYABLE
VERIFIED_REPEAT 12 OLD_COST_PC_CAP10
VERIFIED_REPEAT 13 OLD_DELAY_B0_MAX_DEPLOYABLE
VERIFIED_REPEAT 14 OLD_DELAY_B0_CAP10
VERIFIED_REPEAT 15 OLD_DELAY_PC_MAX_DEPLOYABLE
VERIFIED_REPEAT 16 OLD_DELAY_PC_CAP10
VERIFIED_REPEAT 17 OLD_NEIGHBOR_B0_CAP10_20_3
VERIFIED_REPEAT 18 OLD_NEIGHBOR_PC_CAP10_20_3
VERIFIED_REPEAT 19 OLD_NEIGHBOR_B0_CAP10_40_8
VERIFIED_REPEAT 20 OLD_NEIGHBOR_PC_CAP10_40_8
VERIFIED_REPEAT 21 N_MAIN_N0_MAX_DEPLOYABLE
VERIFIED_REPEAT 22 N_MAIN_N0_CAP10
VERIFIED_REPEAT 23 N_MAIN_N1_MAX_DEPLOYABLE
VERIFIED_REPEAT 24 N_MAIN_N1_CAP10
VERIFIED_REPEAT 25 N_MAIN_N2_MAX_DEPLOYABLE
VERIFIED_REPEAT 26 N_MAIN_N2_CAP10
VERIFIED_REPEAT 27 N_MAIN_N3_MAX_DEPLOYABLE
VERIFIED_REPEAT 28 N_MAIN_N3_CAP10
VERIFIED_REPEAT 29 N_MAIN_N4_MAX_DEPLOYABLE
VERIFIED_REPEAT 30 N_MAIN_N4_CAP10
VERIFIED_REPEAT 31 N_MAIN_N5_MAX_DEPLOYABLE
VERIFIED_REPEAT 32 N_MAIN_N5_CAP10
VERIFIED_REPEAT 33 N_MAIN_N6_MAX_DEPLOYABLE
VERIFIED_REPEAT 34 N_MAIN_N6_CAP10
VERIFIED_REPEAT 35 N_MAIN_N7_MAX_DEPLOYABLE
VERIFIED_REPEAT 36 N_MAIN_N7_CAP10
VERIFIED_REPEAT 37 N_MAIN_N8_MAX_DEPLOYABLE
VERIFIED_REPEAT 38 N_MAIN_N8_CAP10
VERIFIED_REPEAT 39 N_MAIN_N9_MAX_DEPLOYABLE
VERIFIED_REPEAT 40 N_MAIN_N9_CAP10
VERIFIED_REPEAT 41 N_COST_N1_MAX_DEPLOYABLE
VERIFIED_REPEAT 42 N_COST_N1_CAP10
VERIFIED_REPEAT 43 N_COST_N4_MAX_DEPLOYABLE
VERIFIED_REPEAT 44 N_COST_N4_CAP10
VERIFIED_REPEAT 45 N_COST_N9_MAX_DEPLOYABLE
VERIFIED_REPEAT 46 N_COST_N9_CAP10
VERIFIED_REPEAT 47 N_DELAY_N1_MAX_DEPLOYABLE
VERIFIED_REPEAT 48 N_DELAY_N1_CAP10
VERIFIED_REPEAT 49 N_DELAY_N4_MAX_DEPLOYABLE
VERIFIED_REPEAT 50 N_DELAY_N4_CAP10
VERIFIED_REPEAT 51 N_DELAY_N9_MAX_DEPLOYABLE
VERIFIED_REPEAT 52 N_DELAY_N9_CAP10
VERIFIED_REPEAT 53 N_EXIT_N1_MAX_DEPLOYABLE
VERIFIED_REPEAT 54 N_EXIT_N1_CAP10
VERIFIED_REPEAT 55 N_EXIT_N4_MAX_DEPLOYABLE
VERIFIED_REPEAT 56 N_EXIT_N4_CAP10
VERIFIED_REPEAT 57 N_EXIT_N9_MAX_DEPLOYABLE
VERIFIED_REPEAT 58 N_EXIT_N9_CAP10
VERIFIED_REPEAT 59 INDUSTRY_N4_MATCH_MAX_DEPLOYABLE
VERIFIED_REPEAT 60 INDUSTRY_N4_MATCH_CAP10
VERIFIED_REPEAT 61 INDUSTRY_N4_PLUS_MAX_DEPLOYABLE
VERIFIED_REPEAT 62 INDUSTRY_N4_PLUS_CAP10
